date,pushups,situps
10.11.2022,3,15
11.11.2022,3,15
